
Running 1 test using 1 worker

[1A[2K[1/1] [chromium] › tests/theme.spec.ts:86:9 › Theme Stability › should change theme on the very first click (dark mode)
[1A[2K[chromium] › tests/theme.spec.ts:86:9 › Theme Stability › should change theme on the very first click (dark mode)
BROWSER: ThemeToggle mounted. theme: system resolvedTheme: dark

[1A[2KBROWSER: ThemeToggle click. resolvedTheme: dark Setting to: light

[1A[2KBROWSER: ThemeToggle mounted. theme: light resolvedTheme: light

[1A[2K  1 passed (5.2s)

To open last HTML report run:
[36m[39m
[36m  npx playwright show-report[39m
[36m[39m
